node_modules/date-fns/clamp.d.ts(18,59): error TS1005: '?' expected.
node_modules/date-fns/closestTo.d.ts(18,63): error TS1005: '?' expected.
node_modules/date-fns/interval.d.ts(21,62): error TS1005: '?' expected.
